<html>
<body>
<pre>
<h1>µVision Build Log</h1>
<h2>Tool Versions:</h2>
IDE-Version: µVision V5.37.0.0
Copyright (C) 2022 ARM Ltd and ARM Germany GmbH. All rights reserved.
License Information: v v, v, LIC=----
 
Tool Versions:
Toolchain:       MDK-Lite  Version: 5.37.0.0
Toolchain Path:  C:\Keilis_V537\ARM\ARMCLANG\Bin
C Compiler:      ArmClang.exe V6.18
Assembler:       Armasm.exe V6.18
Linker/Locator:  ArmLink.exe V6.18
Library Manager: ArmAr.exe V6.18
Hex Converter:   FromElf.exe V6.18
CPU DLL:         SARMCM3.DLL V5.37.0.0
Dialog DLL:      DARMCM1.DLL V1.19.6.0
Target DLL:      STLink\ST-LINKIII-KEIL_SWO.dll V3.0.9.0
Dialog DLL:      TARMCM1.DLL V1.14.6.0
 
<h2>Project:</h2>
E:\MCU\LAB_2\MDK-ARM\STM32L073_KAMAMI_BOARD.uvprojx
Project File Date:  10/10/2022

<h2>Output:</h2>
*** Using Compiler 'V6.18', folder: 'C:\Keilis_V537\ARM\ARMCLANG\Bin'
Build target 'STM32L073_KAMAMI_BOARD'
../Core/Src/main.c(119): warning: shifting a negative signed value is undefined [-Wshift-negative-value]
        GPIOC->ODR=(Aseg|Bseg|Cseg|Dseg|Gseg)|((COM4)<<8);
                                               ~~~~~~^
../Core/Src/main.c(125): warning: shifting a negative signed value is undefined [-Wshift-negative-value]
        GPIOC->ODR=(Bseg|Cseg)|((COM3)<<8);     
                                ~~~~~~^
2 warnings generated.
compiling main.c...
linking...
Program Size: Code=12796 RO-data=260 RW-data=36 ZI-data=2044  
FromELF: creating hex file...
"STM32L073_KAMAMI_BOARD\STM32L073_KAMAMI_BOARD.axf" - 0 Error(s), 2 Warning(s).

<h2>Software Packages used:</h2>

Package Vendor: ARM
                http://www.keil.com/pack/ARM.CMSIS.5.9.0.pack
                ARM.CMSIS.5.9.0
                CMSIS (Common Microcontroller Software Interface Standard)
   * Component: CORE Version: 5.6.0

Package Vendor: Keil
                http://www.keil.com/pack/Keil.STM32L0xx_DFP.2.2.0.pack
                Keil.STM32L0xx_DFP.2.2.0
                STMicroelectronics STM32L0 Series Device Support, Drivers and Examples

<h2>Collection of Component include folders:</h2>
  ./RTE/_STM32L073_KAMAMI_BOARD
  C:/Users/Vytautas Daunoras/AppData/Local/Arm_1/Packs/ARM/CMSIS/5.9.0/CMSIS/Core/Include
  C:/Users/Vytautas Daunoras/AppData/Local/Arm_1/Packs/Keil/STM32L0xx_DFP/2.2.0/Drivers/CMSIS/Device/ST/STM32L0xx/Include

<h2>Collection of Component Files used:</h2>

   * Component: ARM::CMSIS:CORE:5.6.0
      Include file:  CMSIS/Core/Include/tz_context.h
Build Time Elapsed:  00:00:01
</pre>
</body>
</html>
